// Jest Snapshot v1, https://goo.gl/fbAQLP

exports[`Golden master: GET /api/production/queue Devuelve exactamente las órdenes liberadas, en orden por prioridad 1`] = `
[
  {
    "accept_second_quality_for_fulfillment": null,
    "additional_costs": null,
    "additional_costs_notes": null,
    "blended_cost_per_kg": null,
    "cancelled_at": null,
    "cancelled_by": null,
    "close_reason": null,
    "close_was_partial": false,
    "closed_by_user_id": null,
    "completed_at": null,
    "cost_per_unit": null,
    "created_at": "<TIMESTAMP>",
    "created_by": "<UUID>",
    "created_by_name": "Test Admin",
    "custom_attributes": null,
    "delivery_date": null,
    "expected_scrap_pct": null,
    "id": "<UUID>",
    "length_mm": null,
    "line_id": 1,
    "notes": "Orden de prueba 1",
    "order_number": "<ORDER_NUMBER>",
    "packages_produced": "0",
    "priority": "urgente",
    "priority_changed_at": null,
    "product_id": "<UUID>",
    "product_name": "Esquinero PP Test",
    "progress_pct": "0.0",
    "quantity_packages": 10,
    "quantity_units": 500,
    "raw_material_id": "<UUID>",
    "raw_material_name": "PP Virgen Test",
    "real_mp_kg": null,
    "recipe_id": null,
    "recipe_version_at_creation": null,
    "released_at": "<TIMESTAMP>",
    "released_by": "<UUID>",
    "resin_type": "PP",
    "sku": "TEST-PROD-001",
    "sort_order": 10,
    "status": "released",
    "tenant_id": "<UUID>",
    "theoretical_mp_kg": null,
    "total_cost": null,
    "units_produced": "0",
    "updated_at": "<TIMESTAMP>",
  },
  {
    "accept_second_quality_for_fulfillment": null,
    "additional_costs": null,
    "additional_costs_notes": null,
    "blended_cost_per_kg": null,
    "cancelled_at": null,
    "cancelled_by": null,
    "close_reason": null,
    "close_was_partial": false,
    "closed_by_user_id": null,
    "completed_at": null,
    "cost_per_unit": null,
    "created_at": "<TIMESTAMP>",
    "created_by": "<UUID>",
    "created_by_name": "Test Admin",
    "custom_attributes": null,
    "delivery_date": null,
    "expected_scrap_pct": null,
    "id": "<UUID>",
    "length_mm": null,
    "line_id": 1,
    "notes": "Orden de prueba 2",
    "order_number": "<ORDER_NUMBER>",
    "packages_produced": "0",
    "priority": "alta",
    "priority_changed_at": null,
    "product_id": "<UUID>",
    "product_name": "Esquinero PP Test",
    "progress_pct": "0.0",
    "quantity_packages": 15,
    "quantity_units": 750,
    "raw_material_id": "<UUID>",
    "raw_material_name": "PP Virgen Test",
    "real_mp_kg": null,
    "recipe_id": null,
    "recipe_version_at_creation": null,
    "released_at": "<TIMESTAMP>",
    "released_by": "<UUID>",
    "resin_type": "PP",
    "sku": "TEST-PROD-001",
    "sort_order": 20,
    "status": "released",
    "tenant_id": "<UUID>",
    "theoretical_mp_kg": null,
    "total_cost": null,
    "units_produced": "0",
    "updated_at": "<TIMESTAMP>",
  },
]
`;
