// Jest Snapshot v1, https://goo.gl/fbAQLP

exports[`Golden master: GET /api/production/scheduled-shifts Lista los 2 turnos programados con joins completos 1`] = `
[
  {
    "absence_registered": false,
    "auto_activated_at": null,
    "confirmed_at": null,
    "confirmed_by": null,
    "created_at": "<TIMESTAMP>",
    "created_by": "<UUID>",
    "id": "<UUID>",
    "is_overtime": false,
    "length_mm": null,
    "line_id": 1,
    "members": [
      {
        "can_capture": true,
        "can_handover": true,
        "can_validate": false,
        "id": "<UUID>",
        "is_handover_responsible": false,
        "is_required": true,
        "is_unique_per_shift": true,
        "role_code": "capturista",
        "role_id": "<UUID>",
        "role_name": "Capturista",
        "scheduled_shift_id": "<UUID>",
        "sort_order": 10,
        "user_email": "<TEST_EMAIL>",
        "user_id": "<UUID>",
        "user_name": "Test Admin",
      },
    ],
    "notes": null,
    "operator_email": "<TEST_EMAIL>",
    "operator_id": "<UUID>",
    "operator_name": "Test Admin",
    "order_number": "<ORDER_NUMBER>",
    "product_name": "Esquinero PP Test",
    "production_order_id": "<UUID>",
    "quantity_packages": 10,
    "replacement_operator_id": null,
    "resin_type": "PP",
    "scheduled_date": "<TIMESTAMP>",
    "scheduled_start": "08:00:00",
    "shift_id": null,
    "shift_number": "1",
    "sku": "TEST-PROD-001",
    "status": "scheduled",
    "supervisor_id": "<UUID>",
    "supervisor_name": "Test Admin",
    "tenant_id": "<UUID>",
    "updated_at": "<TIMESTAMP>",
  },
  {
    "absence_registered": false,
    "auto_activated_at": null,
    "confirmed_at": null,
    "confirmed_by": null,
    "created_at": "<TIMESTAMP>",
    "created_by": "<UUID>",
    "id": "<UUID>",
    "is_overtime": false,
    "length_mm": null,
    "line_id": 2,
    "members": [
      {
        "can_capture": true,
        "can_handover": true,
        "can_validate": false,
        "id": "<UUID>",
        "is_handover_responsible": false,
        "is_required": true,
        "is_unique_per_shift": true,
        "role_code": "capturista",
        "role_id": "<UUID>",
        "role_name": "Capturista",
        "scheduled_shift_id": "<UUID>",
        "sort_order": 10,
        "user_email": "<TEST_EMAIL>",
        "user_id": "<UUID>",
        "user_name": "Test Admin",
      },
    ],
    "notes": null,
    "operator_email": "<TEST_EMAIL>",
    "operator_id": "<UUID>",
    "operator_name": "Test Admin",
    "order_number": null,
    "product_name": null,
    "production_order_id": null,
    "quantity_packages": null,
    "replacement_operator_id": null,
    "resin_type": null,
    "scheduled_date": "<TIMESTAMP>",
    "scheduled_start": "16:00:00",
    "shift_id": null,
    "shift_number": "2",
    "sku": null,
    "status": "scheduled",
    "supervisor_id": "<UUID>",
    "supervisor_name": "Test Admin",
    "tenant_id": "<UUID>",
    "updated_at": "<TIMESTAMP>",
  },
]
`;
