// Jest Snapshot v1, https://goo.gl/fbAQLP

exports[`Golden master: GET /api/production/shifts/:id/summary Devuelve resumen estructurado (shift/production/materials/costs) 1`] = `
{
  "corrections": [],
  "costs": {
    "avgCostPerKg": 25,
    "blendedCostUsed": false,
    "costGrade1": 187.5,
    "costPerMeter": 1.875,
    "costPerUnit": 1.875,
    "costSource": "cargas_registradas",
    "estimatedMpCost": 187.5,
    "estimatedMpKg": 7.5,
    "fixedTotal": 0,
    "items": [],
    "mpCostPT": 187.5,
    "mpCostScrap": 0,
    "mpCostScrapInfo": 0,
    "mpCostScrapLoss": 0,
    "mpCostTotal": 187.5,
    "nrvLowerGrades": 0,
    "nrvWarning": false,
    "overheadItems": [],
    "overheadTotal": 0,
    "packagingCost": 0,
    "ptKg": 7.5,
    "reprocessFactor": 20,
    "scrapCapturedKg": 0,
    "scrapFactor": 20,
    "totalCost": 187.5,
  },
  "forceClose": null,
  "formulaChanges": [],
  "incidents": [
    {
      "category": "paro_maquina",
      "created_at": "<TIMESTAMP>",
      "description": "Cambio de molde — 15 min",
      "duration_min": 15,
      "id": "<UUID>",
      "reported_by": "<UUID>",
      "reported_by_name": "Test Admin",
      "shift_id": "<UUID>",
    },
  ],
  "materials": {
    "goodKg": 5.1,
    "scrapCapturedKg": 0,
    "scrapKg": 22.5,
    "scrapPct": 75,
    "secondKg": 2.4,
    "totalMpKg": 30,
  },
  "production": {
    "goodUnits": 100,
    "orderSummary": [
      {
        "costPerMeter": 1.875,
        "meters": 100,
        "orderId": "<UUID>",
        "orderNumber": "<ORDER_NUMBER>",
        "packages": 2,
        "productName": "Esquinero PP Test",
        "units": 100,
      },
    ],
    "outOfRangePackages": 0,
    "secondUnits": 50,
    "totalMeters": 100,
    "totalPackages": 2,
  },
  "reception": null,
  "shift": {
    "closedAt": null,
    "durationMin": null,
    "id": "<UUID>",
    "lineId": 1,
    "operatorName": "Test Admin",
    "shiftDate": "<TIMESTAMP>",
    "shiftNumber": "1",
    "startedAt": "<TIMESTAMP>",
    "status": "active",
    "supervisorName": "Test Admin",
  },
}
`;
